[1] file modular_type.adb line 7 assertion: SUCCESS
[2] file modular_type.adb line 9 assertion: SUCCESS
[3] file modular_type.adb line 11 assertion: SUCCESS
[4] file modular_type.adb line 13 assertion: SUCCESS
[5] file modular_type.adb line 15 assertion: SUCCESS
[6] file modular_type.adb line 17 assertion: SUCCESS
[7] file modular_type.adb line 19 assertion: SUCCESS
[8] file modular_type.adb line 21 assertion: SUCCESS
[9] file modular_type.adb line 23 assertion: SUCCESS
[10] file modular_type.adb line 24 assertion: SUCCESS
[11] file modular_type.adb line 25 assertion: SUCCESS
[12] file modular_type.adb line 26 assertion: SUCCESS
[13] file modular_type.adb line 27 assertion: SUCCESS
[14] file modular_type.adb line 28 assertion: SUCCESS
[15] file modular_type.adb line 29 assertion: SUCCESS
[16] file modular_type.adb line 30 assertion: SUCCESS
[17] file modular_type.adb line 31 assertion: SUCCESS
[18] file modular_type.adb line 34 assertion: SUCCESS
[19] file modular_type.adb line 37 assertion: SUCCESS
VERIFICATION SUCCESSFUL
