[1] file op_mod_expon.adb line 5 assertion: SUCCESS
[2] file op_mod_expon.adb line 6 assertion: SUCCESS
[3] file op_mod_expon.adb line 7 assertion: SUCCESS
[4] file op_mod_expon.adb line 8 assertion: SUCCESS
[5] file op_mod_expon.adb line 9 assertion: SUCCESS
[6] file op_mod_expon.adb line 10 assertion: SUCCESS
[7] file op_mod_expon.adb line 11 assertion: SUCCESS
[8] file op_mod_expon.adb line 12 assertion: SUCCESS
[9] file op_mod_expon.adb line 13 assertion: SUCCESS
[10] file op_mod_expon.adb line 14 assertion: SUCCESS
[11] file op_mod_expon.adb line 15 assertion: SUCCESS
[12] file op_mod_expon.adb line 16 assertion: SUCCESS
[13] file op_mod_expon.adb line 17 assertion: SUCCESS
VERIFICATION SUCCESSFUL
